[Warning]: cases/abstract_module_type_more.ml:l25.0−11,
module B.R does not contain any submodule XI
{
"version":
  [0, 11, 0],
"dependencies":
  [{
   "file":
     "cases/abstract_module_type_more.ml"
   }],
"local":
  [{
   "module":
     ["Abstract_module_type_more"],
   "ml":
     "cases/abstract_module_type_more.ml"
   }]
}
