[Notification]: cases/alias_map.ml:l5.0−11,
a non-resolvable module, Aliased__C, has been replaced by an approximation
[Notification]: cases/alias_map.ml:l6.0−6,
a non-resolvable module, Aliased__B, has been replaced by an approximation
{
"version":
  [0, 11, 0],
"dependencies":
  [{
   "file":
     "cases/alias_map.ml",
   "deps":
     [["Aliased__C"],
     ["Aliased__B"]]
   }],
"local":
  [{
   "module":
     ["Alias_map"],
   "ml":
     "cases/alias_map.ml"
   }],
"unknown":
  [["Aliased__B"],
  ["Aliased__C"]]
}
