[Notification]: cases/alias_in_with.ml:l7.0−37,
a non-resolvable module, Ext, has been replaced by an approximation
[Notification]: cases/alias_in_with.ml:l15.0−41,
a non-resolvable module, Ext2, has been replaced by an approximation
[Notification]: cases/alias_in_with.ml:l26.0−l28.27,
a non-resolvable module, Ext3, has been replaced by an approximation
{
"version":
  [0, 11, 0],
"dependencies":
  [{
   "file":
     "cases/alias_in_with.ml",
   "deps":
     [["Ext3"],
     ["Ext2"],
     ["Ext"]]
   }],
"local":
  [{
   "module":
     ["Alias_in_with"],
   "ml":
     "cases/alias_in_with.ml"
   }],
"unknown":
  [["Ext"],
  ["Ext2"],
  ["Ext3"]]
}
