[Notification]: cases/apply.ml:l1.0−15,
a non-resolvable module, F, has been replaced by an approximation
[Notification]: cases/apply.ml:l1.0−15,
a non-resolvable module, X, has been replaced by an approximation
{
"version":
  [0, 11, 0],
"dependencies":
  [{
   "file":
     "cases/apply.ml",
   "deps":
     [["X"],
     ["F"]]
   }],
"local":
  [{
   "module":
     ["Apply"],
   "ml":
     "cases/apply.ml"
   }],
"unknown":
  [["F"],
  ["X"]]
}
