[Notification]: cases/basic.ml:l5.2−10,
a non-resolvable module, Ext, has been replaced by an approximation
[Warning]: cases/basic.ml:l6.2−8, name resolution for A was ambiguous, due to
the opening of the external module Ext, at location l5.2−10. Spurious
dependencies might be inferred due to this ambiguity.
[Notification]: cases/basic.ml:l9.2−11,
a non-resolvable module, Ext2, has been replaced by an approximation
[Warning]: cases/basic.ml:l10.2−8, name resolution for A was ambiguous, due
to the opening of the external module Ext2, at location l9.2−11. Spurious
dependencies might be inferred due to this ambiguity.
{
"version":
  [0, 11, 0],
"dependencies":
  [{
   "file":
     "cases/basic.ml",
   "deps":
     [["Ext2"],
     ["Ext"]]
   }],
"local":
  [{
   "module":
     ["Basic"],
   "ml":
     "cases/basic.ml"
   }],
"unknown":
  [["Ext"],
  ["Ext2"]]
}
