[[1m[36mNotification[0m]: [1mcases/basic.ml:l5.2−10[0m,
a non-resolvable module, [1mExt[0m, has been replaced by an approximation
[[1m[35mWarning[0m]: [1mcases/basic.ml:l6.2−8[0m, name resolution for [1mA[0m was ambiguous, due
to the opening of the external module [1mExt[0m, at location [1ml5.2−10[0m. Spurious
dependencies might be inferred due to this ambiguity.
[[1m[36mNotification[0m]: [1mcases/basic.ml:l9.2−11[0m,
a non-resolvable module, [1mExt2[0m, has been replaced by an approximation
[[1m[35mWarning[0m]: [1mcases/basic.ml:l10.2−8[0m, name resolution for [1mA[0m was ambiguous, due
to the opening of the external module [1mExt2[0m, at location [1ml9.2−11[0m. Spurious
dependencies might be inferred due to this ambiguity.
{
"version" : [0, 11, 0],
"dependencies" :
  [{ "file" : "cases/basic.ml", "deps" : [["Ext2"], ["Ext"]] }],
"local" : [{ "module" : ["Basic"], "ml" : "cases/basic.ml" }],
"unknown" : [["Ext"], ["Ext2"]]
}
