[Warning]: Syntax error
            File "", line 1, characters 5-9
[Notification]: cases/broken.ml:l2.7−14,
a non-resolvable module, Ext, has been replaced by an approximation
[Notification]: cases/broken.ml:l4.8−12,
a non-resolvable module, Ext2, has been replaced by an approximation
[Notification]: cases/broken.ml:l5.12−13,
a non-resolvable module, Ext3, has been replaced by an approximation
[Notification]: cases/broken.ml:l6.12−13,
a non-resolvable module, Ext4, has been replaced by an approximation
[Notification]: cases/broken.ml:l6.19−20,
a non-resolvable module, Ext5, has been replaced by an approximation
[Warning]: Approximate parsing of cases/broken.ml.
           Computed dependencies: at least {Ext2; Ext3; Ext4; Ext5}, maybe: 
           {Ext}
{
"version":
  [0, 11, 0],
"dependencies":
  [{
   "file":
     "cases/broken.ml",
   "deps":
     [["Ext5"],
     ["Ext4"],
     ["Ext3"],
     ["Ext2"],
     ["Ext"]]
   }],
"local":
  [{
   "module":
     ["Broken"],
   "ml":
     "cases/broken.ml"
   }],
"unknown":
  [["Ext"],
  ["Ext2"],
  ["Ext3"],
  ["Ext4"],
  ["Ext5"]]
}
