[Warning]: Syntax error
            File "", line 4, characters 7-16
[Notification]: Approximate parsing of cases/broken3.ml.
                However, lower and upper bound agreed upon dependencies.
{
"version":
  [0, 11, 0],
"dependencies":
  [{
   "file":
     "cases/broken3.ml"
   }],
"local":
  [{
   "module":
     ["Broken3"],
   "ml":
     "cases/broken3.ml"
   }]
}
