[Warning]: Syntax error
            File "", line 6, characters 8-15
[Notification]: cases/broken2.ml:l4.8−9,
a non-resolvable module, A, has been replaced by an approximation
[Notification]: cases/broken2.ml:l1.7−14,
a non-resolvable module, Ext, has been replaced by an approximation
[Notification]: cases/broken2.ml:l5.5−9,
a non-resolvable module, Ext2, has been replaced by an approximation
[Warning]: cases/broken2.ml:l4.8−9, name resolution for A was ambiguous, due
to the opening of the external module Ext, at location l2.5−6. Spurious
dependencies might be inferred due to this ambiguity.
[Warning]: Approximate parsing of cases/broken2.ml.
           Computed dependencies: at least {Ext; Ext2}, maybe: {A}
{
"version":
  [0, 11, 0],
"dependencies":
  [{
   "file":
     "cases/broken2.ml",
   "deps":
     [["Ext2"],
     ["Ext"],
     ["A"]]
   }],
"local":
  [{
   "module":
     ["Broken2"],
   "ml":
     "cases/broken2.ml"
   }],
"unknown":
  [["A"],
  ["Ext"],
  ["Ext2"]]
}
