[[1m[35mWarning[0m]: Syntax error
 File "", line 1, characters 5-9
[[1m[36mNotification[0m]: [1mcases/broken.ml:l2.7−14[0m,
a non-resolvable module, [1mExt[0m, has been replaced by an approximation
[[1m[36mNotification[0m]: [1mcases/broken.ml:l4.8−12[0m,
a non-resolvable module, [1mExt2[0m, has been replaced by an approximation
[[1m[36mNotification[0m]: [1mcases/broken.ml:l5.12−13[0m,
a non-resolvable module, [1mExt3[0m, has been replaced by an approximation
[[1m[36mNotification[0m]: [1mcases/broken.ml:l6.12−13[0m,
a non-resolvable module, [1mExt4[0m, has been replaced by an approximation
[[1m[36mNotification[0m]: [1mcases/broken.ml:l6.19−20[0m,
a non-resolvable module, [1mExt5[0m, has been replaced by an approximation
[[1m[35mWarning[0m]: Approximate parsing of cases/broken.ml.
Computed dependencies: at least {Ext2; 
Ext3; Ext4; Ext5}, maybe: {Ext}
{
"version" : [0, 10, 0],
"deps" :
  {
  "dependencies" :
    [{
     "file" : "cases/broken.ml",
     "dependencies" :
       { "unknown" : [["Ext5"], ["Ext4"], ["Ext3"], ["Ext2"], ["Ext"]] }
     }],
  "atlas" : [{ "module" : ["Broken"], "ml" : "cases/broken.ml" }]
  }
}
