[[1m[36mNotification[0m]: [1mcases/case.ml:l5.2−7[0m,
a non-resolvable module, [1mF[0m, has been replaced by an approximation
[[1m[36mNotification[0m]: [1mcases/case.ml:l3.2−5[0m,
a non-resolvable module, [1mA[0m, has been replaced by an approximation
[[1m[36mNotification[0m]: [1mcases/case.ml:l3.9−12[0m,
a non-resolvable module, [1mB[0m, has been replaced by an approximation
[[1m[36mNotification[0m]: [1mcases/case.ml:l4.2−5[0m,
a non-resolvable module, [1mC[0m, has been replaced by an approximation
[[1m[36mNotification[0m]: [1mcases/case.ml:l4.17−20[0m,
a non-resolvable module, [1mD[0m, has been replaced by an approximation
{
"version" : [0, 10, 0],
"dependencies" :
  [{
   "file" : "cases/case.ml",
   "unknown" : [["F"], ["D"], ["C"], ["B"], ["A"]]
   }],
"atlas" : [{ "module" : ["Case"], "ml" : "cases/case.ml" }]
}
