[Notification]: cases/case.ml:l3.2−5,
a non-resolvable module, A, has been replaced by an approximation
[Notification]: cases/case.ml:l3.9−12,
a non-resolvable module, B, has been replaced by an approximation
[Notification]: cases/case.ml:l4.2−5,
a non-resolvable module, C, has been replaced by an approximation
[Notification]: cases/case.ml:l4.17−20,
a non-resolvable module, D, has been replaced by an approximation
[Notification]: cases/case.ml:l5.2−3,
a non-resolvable module, F, has been replaced by an approximation
{
"version":
  [0, 11, 0],
"dependencies":
  [{
   "file":
     "cases/case.ml",
   "deps":
     [["F"],
     ["D"],
     ["C"],
     ["B"],
     ["A"]]
   }],
"local":
  [{
   "module":
     ["Case"],
   "ml":
     "cases/case.ml"
   }],
"unknown":
  [["A"],
  ["B"],
  ["C"],
  ["D"],
  ["F"]]
}
