[Notification]: cases/destructive_substitutions.ml:l9.0−8,
a non-resolvable module, Ext, has been replaced by an approximation
{
"version":
  [0, 11, 0],
"dependencies":
  [{
   "file":
     "cases/destructive_substitutions.ml",
   "deps":
     [["Ext"]]
   }],
"local":
  [{
   "module":
     ["Destructive_substitutions"],
   "ml":
     "cases/destructive_substitutions.ml"
   }],
"unknown":
  [["Ext"]]
}
