[Notification]: cases/destructive_substitutions_path.ml:l22.18−26,
a non-resolvable module, Ext, has been replaced by an approximation
[Notification]: cases/destructive_substitutions_path.ml:l23.18−27,
a non-resolvable module, Ext2, has been replaced by an approximation
{
"version":
  [0, 11, 0],
"dependencies":
  [{
   "file":
     "cases/destructive_substitutions_path.ml",
   "deps":
     [["Ext2"],
     ["Ext"]]
   }],
"local":
  [{
   "module":
     ["Destructive_substitutions_path"],
   "ml":
     "cases/destructive_substitutions_path.ml"
   }],
"unknown":
  [["Ext"],
  ["Ext2"]]
}
