[Notification]: cases/even_more_functor.ml:l3.0−24,
a non-resolvable module, E, has been replaced by an approximation
[Notification]: cases/even_more_functor.ml:l3.0−24,
a non-resolvable module, A, has been replaced by an approximation
{
"version":
  [0, 11, 0],
"dependencies":
  [{
   "file":
     "cases/even_more_functor.ml",
   "deps":
     [["E"],
     ["A"]]
   }],
"local":
  [{
   "module":
     ["Even_more_functor"],
   "ml":
     "cases/even_more_functor.ml"
   }],
"unknown":
  [["A"],
  ["E"]]
}
