[Notification]: cases/first_class_encore.ml:l5.21−24,
a non-resolvable module, Ext, has been replaced by an approximation
{
"version":
  [0, 11, 0],
"dependencies":
  [{
   "file":
     "cases/first_class_encore.ml",
   "deps":
     [["Ext"]]
   }],
"local":
  [{
   "module":
     ["First_class_encore"],
   "ml":
     "cases/first_class_encore.ml"
   }],
"unknown":
  [["Ext"]]
}
