[Notification]: cases/first-class-modules.ml:l14.0−9,
a non-resolvable module, Mark, has been replaced by an approximation
[Warning]: cases/first-class-modules.ml:l18.6−12,
first-class module N was opened while its signature was unknown.
[Notification]: cases/first-class-modules.ml:l19.6−12,
a non-resolvable module, B, has been replaced by an approximation
[Warning]: cases/first-class-modules.ml:l22.0−15,
first-class module was included while its signature was unknown.
{
"version":
  [0, 11, 0],
"dependencies":
  [{
   "file":
     "cases/first-class-modules.ml",
   "deps":
     [["Mark"],
     ["B"]]
   }],
"local":
  [{
   "module":
     ["First-class-modules"],
   "ml":
     "cases/first-class-modules.ml"
   }],
"unknown":
  [["B"],
  ["Mark"]]
}
