[[1m[36mNotification[0m]: [1mcases/first-class-modules.ml:l14.0−9[0m,
a non-resolvable module, [1mMark[0m, has been replaced by an approximation
[[1m[35mWarning[0m]: [1mcases/first-class-modules.ml:l18.11−12[0m,
first-class module [1mN[0m was opened while its signature was unknown.
[[1m[36mNotification[0m]: [1mcases/first-class-modules.ml:l19.11−12[0m,
a non-resolvable module, [1mB[0m, has been replaced by an approximation
[[1m[35mWarning[0m]: [1mcases/first-class-modules.ml:l22.0−15[0m, 
first-class module was included while its signature was unknown.
{
"version" : [0, 10, 0],
"dependencies" :
  [{
   "file" : "cases/first-class-modules.ml",
   "dependencies" : { "unknown" : [["Mark"], ["B"]] }
   }],
"atlas" :
  [{
   "module" : ["First-class-modules"],
   "ml" : "cases/first-class-modules.ml"
   }]
}
