[Notification]: cases/foreign_arg_sig.ml:l1.0−l3.3,
a non-resolvable module, Ext, has been replaced by an approximation
[Notification]: cases/foreign_arg_sig.ml:l2.2−30,
a non-resolvable module, Ext2, has been replaced by an approximation
{
"version":
  [0, 11, 0],
"dependencies":
  [{
   "file":
     "cases/foreign_arg_sig.ml",
   "deps":
     [["Ext2"],
     ["Ext"]]
   }],
"local":
  [{
   "module":
     ["Foreign_arg_sig"],
   "ml":
     "cases/foreign_arg_sig.ml"
   }],
"unknown":
  [["Ext"],
  ["Ext2"]]
}
