[Notification]: cases/functor_in_type_expr.ml:l1.9−25,
a non-resolvable module, Ext1, has been replaced by an approximation
[Notification]: cases/functor_in_type_expr.ml:l1.9−25,
a non-resolvable module, Ext2, has been replaced by an approximation
[Notification]: cases/functor_in_type_expr.ml:l1.26−42,
a non-resolvable module, Ext3, has been replaced by an approximation
[Notification]: cases/functor_in_type_expr.ml:l1.26−42,
a non-resolvable module, Ext4, has been replaced by an approximation
{
"version":
  [0, 11, 0],
"dependencies":
  [{
   "file":
     "cases/functor_in_type_expr.ml",
   "deps":
     [["Ext4"],
     ["Ext3"],
     ["Ext2"],
     ["Ext1"]]
   }],
"local":
  [{
   "module":
     ["Functor_in_type_expr"],
   "ml":
     "cases/functor_in_type_expr.ml"
   }],
"unknown":
  [["Ext1"],
  ["Ext2"],
  ["Ext3"],
  ["Ext4"]]
}
