[Notification]: cases/hidden.ml:l7.0−14,
a non-resolvable module, Ext, has been replaced by an approximation
{
"version":
  [0, 11, 0],
"dependencies":
  [{
   "file":
     "cases/hidden.ml",
   "deps":
     [["Ext"]]
   }],
"local":
  [{
   "module":
     ["Hidden"],
   "ml":
     "cases/hidden.ml"
   }],
"unknown":
  [["Ext"]]
}
