[Notification]: cases/imperfect_modules.ml:l5.2−13,
a non-resolvable module, Ext, has been replaced by an approximation
[Warning]: cases/imperfect_modules.ml:l8.0−19,
module M does not contain any submodule F
[Warning]: cases/imperfect_modules.ml:l18.2−20,
first-class module was included while its signature was unknown.
[Warning]: cases/imperfect_modules.ml:l21.0−19,
module N does not contain any submodule F
[Warning]: cases/imperfect_modules.ml:l25.0−18,
only functor can be applied, got:(Exact).:()
{
"version":
  [0, 11, 0],
"dependencies":
  [{
   "file":
     "cases/imperfect_modules.ml",
   "deps":
     [["Ext"]]
   }],
"local":
  [{
   "module":
     ["Imperfect_modules"],
   "ml":
     "cases/imperfect_modules.ml"
   }],
"unknown":
  [["Ext"]]
}
