[[1m[36mNotification[0m]: [1mcases/imperfect_modules.ml:l5.2−13[0m,
a non-resolvable module, [1mExt[0m, has been replaced by an approximation
[[1m[35mWarning[0m]: [1mcases/imperfect_modules.ml:l8.0−19[0m,
module [1mM[0m does not contain any submodule [1mF[0m
[[1m[35mWarning[0m]: [1mcases/imperfect_modules.ml:l18.2−20[0m, 
first-class module was included while its signature was unknown.
[[1m[35mWarning[0m]: [1mcases/imperfect_modules.ml:l21.0−19[0m,
module [1mN[0m does not contain any submodule [1mF[0m
[[1m[35mWarning[0m]: [1mcases/imperfect_modules.ml:l25.0−18[0m, 
only functor can be applied, got:(.)
{
"version" : [0, 10, 0],
"deps" :
  {
  "dependencies" :
    [{
     "file" : "cases/imperfect_modules.ml",
     "dependencies" : { "unknown" : [["Ext"]] }
     }],
  "atlas" :
    [{
     "module" : ["Imperfect_modules"],
     "ml" : "cases/imperfect_modules.ml"
     }]
  }
}
