[Notification]: cases/more_functor.ml:l5.0−41,
a non-resolvable module, Ext, has been replaced by an approximation
[Notification]: cases/more_functor.ml:l5.0−41,
a non-resolvable module, Ext2, has been replaced by an approximation
{
"version":
  [0, 11, 0],
"dependencies":
  [{
   "file":
     "cases/more_functor.ml",
   "deps":
     [["Ext2"],
     ["Ext"]]
   }],
"local":
  [{
   "module":
     ["More_functor"],
   "ml":
     "cases/more_functor.ml"
   }],
"unknown":
  [["Ext"],
  ["Ext2"]]
}
