[Notification]: cases/not_self_cycle.ml:l1.0−6,
a non-resolvable module, E, has been replaced by an approximation
[Notification]: cases/not_self_cycle.ml:l2.0−30,
a non-resolvable module type, Not_self_cycle, has been replaced by an approximation
{
"version":
  [0, 11, 0],
"dependencies":
  [{
   "file":
     "cases/not_self_cycle.ml",
   "deps":
     [["E"]]
   }],
"local":
  [{
   "module":
     ["Not_self_cycle"],
   "ml":
     "cases/not_self_cycle.ml"
   }],
"unknown":
  [["E"]]
}
