[Notification]: cases/option_monad.ml:l19.7−10,
a non-resolvable module, Ext, has been replaced by an approximation
[Notification]: cases/option_monad.ml:l19.17−21,
a non-resolvable module, Ext3, has been replaced by an approximation
[Notification]: cases/option_monad.ml:l20.22−26,
a non-resolvable module, Ext4, has been replaced by an approximation
{
"version":
  [0, 11, 0],
"dependencies":
  [{
   "file":
     "cases/option_monad.ml",
   "deps":
     [["Ext4"],
     ["Ext3"],
     ["Ext"]]
   }],
"local":
  [{
   "module":
     ["Option_monad"],
   "ml":
     "cases/option_monad.ml"
   }],
"unknown":
  [["Ext"],
  ["Ext3"],
  ["Ext4"]]
}
