[Notification]: cases/pattern_open.ml:l13.7−9,
a non-resolvable module, E1, has been replaced by an approximation
[Warning]: cases/pattern_open.ml:l13.11−27, name resolution for M' was
ambiguous, due to the opening of the external module E1, at location l13.7−9.
Spurious dependencies might be inferred due to this ambiguity.
[Warning]: cases/pattern_open.ml:l15.6−13, name resolution for A' was
ambiguous, due to the opening of the external module E1, at location l13.7−9.
Spurious dependencies might be inferred due to this ambiguity.
[Notification]: cases/pattern_open.ml:l16.6−13,
a non-resolvable module, E4, has been replaced by an approximation
[Notification]: cases/pattern_open.ml:l21.4−6,
a non-resolvable module, E2, has been replaced by an approximation
[Notification]: cases/pattern_open.ml:l22.8−10,
a non-resolvable module, E3, has been replaced by an approximation
{
"version":
  [0, 11, 0],
"dependencies":
  [{
   "file":
     "cases/pattern_open.ml",
   "deps":
     [["E4"],
     ["E3"],
     ["E2"],
     ["E1"],
     ["A'"]]
   }],
"local":
  [{
   "module":
     ["Pattern_open"],
   "ml":
     "cases/pattern_open.ml"
   }],
"unknown":
  [["A'"],
  ["E1"],
  ["E2"],
  ["E3"],
  ["E4"]]
}
