[Notification]: cases/phantom_maze_4.ml:l3.0−11,
a non-resolvable module, Extern, has been replaced by an approximation
[Warning]: cases/phantom_maze_4.ml:l4.0−14, name resolution for M was
ambiguous, due to the opening of the external module Extern, at
location l3.0−11. Spurious dependencies might be inferred due to this
ambiguity.
{
"version":
  [0, 11, 0],
"dependencies":
  [{
   "file":
     "cases/phantom_maze_4.ml",
   "deps":
     [["Extern"]]
   }],
"local":
  [{
   "module":
     ["Phantom_maze_4"],
   "ml":
     "cases/phantom_maze_4.ml"
   }],
"unknown":
  [["Extern"]]
}
