[[1m[36mNotification[0m]: [1mcases/phantom_maze.ml:l11.0−13[0m,
a non-resolvable module, [1mExternal[0m, has been replaced by an approximation
[[1m[35mWarning[0m]: [1mcases/phantom_maze.ml:l13.0−6[0m, name resolution for [1mA[0m was
ambiguous, due to the opening of the external module [1mExternal[0m, at
location [1ml11.0−13[0m. Spurious dependencies might be inferred due to this
ambiguity.
[[1m[35mWarning[0m]: [1mcases/phantom_maze.ml:l14.0−6[0m, name resolution for [1mB[0m was
ambiguous, due to the opening of the external module [1mExternal[0m, at
location [1ml11.0−13[0m. Spurious dependencies might be inferred due to this
ambiguity.
[[1m[35mWarning[0m]: [1mcases/phantom_maze.ml:l15.0−6[0m, name resolution for [1mC[0m was
ambiguous, due to the opening of the external module [1mExternal[0m, at
location [1ml11.0−13[0m. Spurious dependencies might be inferred due to this
ambiguity.
[[1m[36mNotification[0m]: [1mcases/phantom_maze.ml:l15.0−6[0m,
a non-resolvable module, [1mX[0m, has been replaced by an approximation
[[1m[35mWarning[0m]: [1mcases/phantom_maze.ml:l17.0−6[0m, name resolution for [1mD[0m was
ambiguous, due to the opening of the external module [1mX[0m, at
location [1ml15.0−6[0m. Spurious dependencies might be inferred due to this
ambiguity.
[[1m[35mWarning[0m]: [1mcases/phantom_maze.ml:l17.0−6[0m, name resolution for [1mD[0m was
ambiguous, due to the opening of the external module [1mExternal[0m, at
location [1ml11.0−13[0m. Spurious dependencies might be inferred due to this
ambiguity.
[[1m[35mWarning[0m]: [1mcases/phantom_maze.ml:l18.0−6[0m, name resolution for [1mE[0m was
ambiguous, due to the opening of the external module [1mX[0m, at
location [1ml15.0−6[0m. Spurious dependencies might be inferred due to this
ambiguity.
[[1m[36mNotification[0m]: [1mcases/phantom_maze.ml:l18.0−6[0m,
a non-resolvable module, [1mY[0m, has been replaced by an approximation
{
"version" : [0, 10, 0],
"deps" :
  {
  "dependencies" :
    [{
     "file" : "cases/phantom_maze.ml",
     "dependencies" :
       {
       "unknown" : [["Y"], ["X"], ["External"], ["E"], ["D"], ["C"], ["B"]]
       }
     }],
  "atlas" : [{ "module" : ["Phantom_maze"], "ml" : "cases/phantom_maze.ml" }]
  }
}
