[Notification]: cases/phantom_maze.ml:l11.0−13,
a non-resolvable module, External, has been replaced by an approximation
[Warning]: cases/phantom_maze.ml:l13.0−6, name resolution for A was
ambiguous, due to the opening of the external module External, at
location l11.0−13. Spurious dependencies might be inferred due to this
ambiguity.
[Warning]: cases/phantom_maze.ml:l14.0−6, name resolution for B was
ambiguous, due to the opening of the external module External, at
location l11.0−13. Spurious dependencies might be inferred due to this
ambiguity.
[Warning]: cases/phantom_maze.ml:l15.0−6, name resolution for C was
ambiguous, due to the opening of the external module External, at
location l11.0−13. Spurious dependencies might be inferred due to this
ambiguity.
[Notification]: cases/phantom_maze.ml:l15.0−6,
a non-resolvable module, X, has been replaced by an approximation
[Warning]: cases/phantom_maze.ml:l17.0−6, name resolution for D was
ambiguous, due to the opening of the external module X, at location l15.0−6.
Spurious dependencies might be inferred due to this ambiguity.
[Warning]: cases/phantom_maze.ml:l17.0−6, name resolution for D was
ambiguous, due to the opening of the external module External, at
location l11.0−13. Spurious dependencies might be inferred due to this
ambiguity.
[Warning]: cases/phantom_maze.ml:l18.0−6, name resolution for E was
ambiguous, due to the opening of the external module X, at location l15.0−6.
Spurious dependencies might be inferred due to this ambiguity.
[Notification]: cases/phantom_maze.ml:l18.0−6,
a non-resolvable module, Y, has been replaced by an approximation
{
"version":
  [0, 11, 0],
"dependencies":
  [{
   "file":
     "cases/phantom_maze.ml",
   "deps":
     [["Y"],
     ["X"],
     ["External"],
     ["E"],
     ["D"],
     ["C"],
     ["B"]]
   }],
"local":
  [{
   "module":
     ["Phantom_maze"],
   "ml":
     "cases/phantom_maze.ml"
   }],
"unknown":
  [["B"],
  ["C"],
  ["D"],
  ["E"],
  ["External"],
  ["X"],
  ["Y"]]
}
