[[1m[35mWarning[0m]: [1mcases/phantom_maze_3.ml:l14.11−12[0m,
first-class module [1mM[0m was opened while its signature was unknown.
[[1m[35mWarning[0m]: [1mcases/phantom_maze_3.ml:l15.11−12[0m, name resolution for [1mA[0m was
ambiguous, due to the opening of the first class module [1mM[0m, at
location [1ml14.11−12[0m. Spurious dependencies might be inferred due to this
ambiguity.
[[1m[35mWarning[0m]: [1mcases/phantom_maze_3.ml:l16.11−12[0m, name resolution for [1mB[0m was
ambiguous, due to the opening of the first class module [1mM[0m, at
location [1ml14.11−12[0m. Spurious dependencies might be inferred due to this
ambiguity.
[[1m[36mNotification[0m]: [1mcases/phantom_maze_3.ml:l16.11−12[0m,
a non-resolvable module, [1mX[0m, has been replaced by an approximation
{
"version" : [0, 11, 0],
"dependencies" :
  [{ "file" : "cases/phantom_maze_3.ml", "deps" : [["X"], ["B"]] }],
"local" :
  [{ "module" : ["Phantom_maze_3"], "ml" : "cases/phantom_maze_3.ml" }],
"unknown" : [["B"], ["X"]]
}
