[Notification]: cases/projected_abstract_module_type.ml:l8.9−21,
a non-resolvable module, Ext, has been replaced by an approximation
{
"version":
  [0, 11, 0],
"dependencies":
  [{
   "file":
     "cases/projected_abstract_module_type.ml",
   "deps":
     [["Ext"]]
   }],
"local":
  [{
   "module":
     ["Projected_abstract_module_type"],
   "ml":
     "cases/projected_abstract_module_type.ml"
   }],
"unknown":
  [["Ext"]]
}
