[Warning]: cases/recmods.ml:l5.18−27,
module  does not contain any module type S
[Notification]: cases/recmods.ml:l11.2−10,
a non-resolvable module, Ext, has been replaced by an approximation
[Notification]: cases/recmods.ml:l27.10−19,
a non-resolvable module, Xeno, has been replaced by an approximation
[Notification]: cases/recmods.ml:l25.2−12,
a non-resolvable module, Xeno2, has been replaced by an approximation
[Notification]: cases/recmods.ml:l30.2−12,
a non-resolvable module, Xeno3, has been replaced by an approximation
{
"version":
  [0, 11, 0],
"dependencies":
  [{
   "file":
     "cases/recmods.ml",
   "deps":
     [["Xeno3"],
     ["Xeno2"],
     ["Xeno"],
     ["Ext"]]
   }],
"local":
  [{
   "module":
     ["Recmods"],
   "ml":
     "cases/recmods.ml"
   }],
"unknown":
  [["Ext"],
  ["Xeno"],
  ["Xeno2"],
  ["Xeno3"]]
}
