[[1m[35mWarning[0m]: [1mcases/recmods.ml:l5.18−27[0m,
module [1m[0m does not contain any module type [1mS[0m
[[1m[36mNotification[0m]: [1mcases/recmods.ml:l11.2−10[0m,
a non-resolvable module, [1mExt[0m, has been replaced by an approximation
[[1m[36mNotification[0m]: [1mcases/recmods.ml:l27.10−19[0m,
a non-resolvable module, [1mXeno[0m, has been replaced by an approximation
[[1m[36mNotification[0m]: [1mcases/recmods.ml:l25.2−12[0m,
a non-resolvable module, [1mXeno2[0m, has been replaced by an approximation
[[1m[36mNotification[0m]: [1mcases/recmods.ml:l30.2−12[0m,
a non-resolvable module, [1mXeno3[0m, has been replaced by an approximation
{
"version" : [0, 11, 0],
"dependencies" :
  [{
   "file" : "cases/recmods.ml",
   "deps" : [["Xeno3"], ["Xeno2"], ["Xeno"], ["Ext"]]
   }],
"local" : [{ "module" : ["Recmods"], "ml" : "cases/recmods.ml" }],
"unknown" : [["Ext"], ["Xeno"], ["Xeno2"], ["Xeno3"]]
}
