[Notification]: cases/record.ml:l3.9−13,
a non-resolvable module, E2, has been replaced by an approximation
[Notification]: cases/record.ml:l5.10−14,
a non-resolvable module, E3, has been replaced by an approximation
[Notification]: cases/record.ml:l1.6−11,
a non-resolvable module, Ext, has been replaced by an approximation
{
"version":
  [0, 11, 0],
"dependencies":
  [{
   "file":
     "cases/record.ml",
   "deps":
     [["Ext"],
     ["E3"],
     ["E2"]]
   }],
"local":
  [{
   "module":
     ["Record"],
   "ml":
     "cases/record.ml"
   }],
"unknown":
  [["E2"],
  ["E3"],
  ["Ext"]]
}
