[[1m[35mWarning[0m]: [1mcases/riddle.ml:l113.11−12[0m,
first-class module [1mM[0m was opened while its signature was unknown.
[[1m[36mNotification[0m]: [1mcases/riddle.ml:l114.11−13[0m,
a non-resolvable module, [1mM5[0m, has been replaced by an approximation
{
"version" : [0, 10, 0],
"dependencies" :
  [{ "file" : "cases/riddle.ml", "dependencies" : { "unknown" : [["M5"]] } }],
"atlas" : [{ "module" : ["Riddle"], "ml" : "cases/riddle.ml" }]
}
