[Warning]: cases/riddle.ml:l113.6−12,
first-class module M was opened while its signature was unknown.
[Notification]: cases/riddle.ml:l114.6−13,
a non-resolvable module, M5, has been replaced by an approximation
{
"version":
  [0, 11, 0],
"dependencies":
  [{
   "file":
     "cases/riddle.ml",
   "deps":
     [["M5"]]
   }],
"local":
  [{
   "module":
     ["Riddle"],
   "ml":
     "cases/riddle.ml"
   }],
"unknown":
  [["M5"]]
}
