[Error]: Solver failure 
   −Circular dependencies: 
      Self_cycle −(cases/self_cycle.ml:l1.0−15)⟶ Self_cycle
{
"version":
  [0, 11, 0],
"dependencies":
  [{
   "file":
     "cases/self_cycle.ml",
   "deps":
     [["Self_cycle"]]
   }],
"local":
  [{
   "module":
     ["Self_cycle"],
   "ml":
     "cases/self_cycle.ml"
   }]
}
