[[1m[36mNotification[0m]: [1mcases/sig_reader.ml:l7.32−49[0m,
a non-resolvable module, [1mModule[0m, has been replaced by an approximation
[[1m[36mNotification[0m]: [1mcases/sig_reader.ml:l5.41−53[0m,
a non-resolvable module, [1mSig_lex[0m, has been replaced by an approximation
[[1m[36mNotification[0m]: [1mcases/sig_reader.ml:l5.19−40[0m,
a non-resolvable module, [1mSig_parse[0m, has been replaced by an approximation
{
"version" : [0, 10, 0],
"dependencies" :
  [{
   "file" : "cases/sig_reader.ml",
   "dependencies" : { "unknown" : [["Sig_parse"], ["Sig_lex"], ["Module"]] }
   }],
"atlas" : [{ "module" : ["Sig_reader"], "ml" : "cases/sig_reader.ml" }]
}
