[[1m[36mNotification[0m]: [1mcases/simple.ml:l1.0−15[0m,
a non-resolvable module, [1mG[0m, has been replaced by an approximation
[[1m[36mNotification[0m]: [1mcases/simple.ml:l1.0−15[0m,
a non-resolvable module, [1mE[0m, has been replaced by an approximation
[[1m[36mNotification[0m]: [1mcases/simple.ml:l2.0−6[0m,
a non-resolvable module, [1mI[0m, has been replaced by an approximation
[[1m[36mNotification[0m]: [1mcases/simple.ml:l4.1−7[0m,
a non-resolvable module, [1mA[0m, has been replaced by an approximation
[[1m[36mNotification[0m]: [1mcases/simple.ml:l5.19−27[0m,
a non-resolvable module, [1mW[0m, has been replaced by an approximation
[[1m[36mNotification[0m]: [1mcases/simple.ml:l6.9−12[0m,
a non-resolvable module, [1mB[0m, has been replaced by an approximation
[[1m[35mWarning[0m]: [1mcases/simple.ml:l8.0−6[0m, name resolution for [1mR[0m was ambiguous, due
to the opening of the external module [1mA[0m, at location [1ml4.1−7[0m. Spurious
dependencies might be inferred due to this ambiguity.
[[1m[36mNotification[0m]: [1mcases/simple.ml:l9.0−6[0m,
a non-resolvable module, [1mC[0m, has been replaced by an approximation
[[1m[35mWarning[0m]: [1mcases/simple.ml:l10.0−8[0m, name resolution for [1mU[0m was ambiguous,
due to the opening of the external module [1mC[0m, at location [1ml9.0−6[0m. Spurious
dependencies might be inferred due to this ambiguity.
[[1m[35mWarning[0m]: [1mcases/simple.ml:l11.0−6[0m, name resolution for [1mE[0m was ambiguous,
due to the opening of the external module [1mC[0m, at location [1ml9.0−6[0m. Spurious
dependencies might be inferred due to this ambiguity.
[[1m[36mNotification[0m]: [1mcases/simple.ml:l11.0−6[0m,
a non-resolvable module, [1mExt[0m, has been replaced by an approximation
[[1m[35mWarning[0m]: [1mcases/simple.ml:l12.0−8[0m, name resolution for [1mK[0m was ambiguous,
due to the opening of the external module [1mExt[0m, at location [1ml11.0−6[0m.
Spurious dependencies might be inferred due to this ambiguity.
[[1m[36mNotification[0m]: [1mcases/simple.ml:l12.0−8[0m,
a non-resolvable module, [1mY[0m, has been replaced by an approximation
{
"version" : [0, 10, 0],
"dependencies" :
  [{
   "file" : "cases/simple.ml",
   "unknown" :
     [["Y"], ["W"], ["I"], ["G"], ["Ext"], ["E"], ["C"], ["B"], ["A"]]
   }],
"atlas" : [{ "module" : ["Simple"], "ml" : "cases/simple.ml" }]
}
