[Notification]: cases/simple.ml:l1.0−15,
a non-resolvable module, G, has been replaced by an approximation
[Notification]: cases/simple.ml:l1.0−15,
a non-resolvable module, E, has been replaced by an approximation
[Notification]: cases/simple.ml:l2.0−6,
a non-resolvable module, I, has been replaced by an approximation
[Notification]: cases/simple.ml:l4.1−7,
a non-resolvable module, A, has been replaced by an approximation
[Notification]: cases/simple.ml:l5.19−27,
a non-resolvable module, W, has been replaced by an approximation
[Notification]: cases/simple.ml:l6.9−12,
a non-resolvable module, B, has been replaced by an approximation
[Warning]: cases/simple.ml:l8.0−6, name resolution for R was ambiguous, due
to the opening of the external module A, at location l4.1−7. Spurious
dependencies might be inferred due to this ambiguity.
[Notification]: cases/simple.ml:l9.0−6,
a non-resolvable module, C, has been replaced by an approximation
[Warning]: cases/simple.ml:l10.0−8, name resolution for U was ambiguous, due
to the opening of the external module C, at location l9.0−6. Spurious
dependencies might be inferred due to this ambiguity.
[Warning]: cases/simple.ml:l11.0−6, name resolution for E was ambiguous, due
to the opening of the external module C, at location l9.0−6. Spurious
dependencies might be inferred due to this ambiguity.
[Notification]: cases/simple.ml:l11.0−6,
a non-resolvable module, Ext, has been replaced by an approximation
[Warning]: cases/simple.ml:l12.0−8, name resolution for K was ambiguous, due
to the opening of the external module Ext, at location l11.0−6. Spurious
dependencies might be inferred due to this ambiguity.
[Notification]: cases/simple.ml:l12.0−8,
a non-resolvable module, Y, has been replaced by an approximation
{
"version":
  [0, 11, 0],
"dependencies":
  [{
   "file":
     "cases/simple.ml",
   "deps":
     [["Y"],
     ["W"],
     ["I"],
     ["G"],
     ["Ext"],
     ["E"],
     ["C"],
     ["B"],
     ["A"]]
   }],
"local":
  [{
   "module":
     ["Simple"],
   "ml":
     "cases/simple.ml"
   }],
"unknown":
  [["A"],
  ["B"],
  ["C"],
  ["E"],
  ["Ext"],
  ["G"],
  ["I"],
  ["W"],
  ["Y"]]
}
