[[1m[36mNotification[0m]: [1mcases/tuple.ml:l1.12−15[0m,
a non-resolvable module, [1mA[0m, has been replaced by an approximation
[[1m[36mNotification[0m]: [1mcases/tuple.ml:l1.17−20[0m,
a non-resolvable module, [1mB[0m, has been replaced by an approximation
[[1m[36mNotification[0m]: [1mcases/tuple.ml:l1.22−25[0m,
a non-resolvable module, [1mC[0m, has been replaced by an approximation
{
"version" : [0, 10, 0],
"deps" :
  {
  "dependencies" :
    [{
     "file" : "cases/tuple.ml",
     "dependencies" : { "unknown" : [["C"], ["B"], ["A"]] }
     }],
  "atlas" : [{ "module" : ["Tuple"], "ml" : "cases/tuple.ml" }]
  }
}
