[Notification]: cases/tuple.ml:l1.12−15,
a non-resolvable module, A, has been replaced by an approximation
[Notification]: cases/tuple.ml:l1.17−20,
a non-resolvable module, B, has been replaced by an approximation
[Notification]: cases/tuple.ml:l1.22−25,
a non-resolvable module, C, has been replaced by an approximation
{
"version":
  [0, 11, 0],
"dependencies":
  [{
   "file":
     "cases/tuple.ml",
   "deps":
     [["C"],
     ["B"],
     ["A"]]
   }],
"local":
  [{
   "module":
     ["Tuple"],
   "ml":
     "cases/tuple.ml"
   }],
"unknown":
  [["A"],
  ["B"],
  ["C"]]
}
