[Notification]: cases/unknown_arg.ml:l1.0−l3.3,
a non-resolvable module, Ext, has been replaced by an approximation
{
"version":
  [0, 11, 0],
"dependencies":
  [{
   "file":
     "cases/unknown_arg.ml",
   "deps":
     [["Ext"]]
   }],
"local":
  [{
   "module":
     ["Unknown_arg"],
   "ml":
     "cases/unknown_arg.ml"
   }],
"unknown":
  [["Ext"]]
}
