[Notification]: cases/with_more.ml:l3.32−37,
a non-resolvable module, Ext, has been replaced by an approximation
[Notification]: cases/with_more.ml:l3.51−57,
a non-resolvable module, Ext3, has been replaced by an approximation
{
"version":
  [0, 11, 0],
"dependencies":
  [{
   "file":
     "cases/with_more.ml",
   "deps":
     [["Ext3"],
     ["Ext"]]
   }],
"local":
  [{
   "module":
     ["With_more"],
   "ml":
     "cases/with_more.ml"
   }],
"unknown":
  [["Ext"],
  ["Ext3"]]
}
